// Jest Snapshot v1, https://goo.gl/fbAQLP

exports[`n-result should work with \`size\` prop 1`] = `"--bezier: cubic-bezier(.4, 0, .2, 1); --font-size: 14px; --icon-size: 64px; --line-height: 1.6; --text-color: rgb(51, 54, 57); --title-font-size: 26px; --title-font-weight: 500; --title-text-color: rgb(31, 34, 37); --icon-color: #2080f0;"`;

exports[`n-result should work with \`size\` prop 2`] = `"--bezier: cubic-bezier(.4, 0, .2, 1); --font-size: 14px; --icon-size: 80px; --line-height: 1.6; --text-color: rgb(51, 54, 57); --title-font-size: 32px; --title-font-weight: 500; --title-text-color: rgb(31, 34, 37); --icon-color: #2080f0;"`;

exports[`n-result should work with \`size\` prop 3`] = `"--bezier: cubic-bezier(.4, 0, .2, 1); --font-size: 15px; --icon-size: 100px; --line-height: 1.6; --text-color: rgb(51, 54, 57); --title-font-size: 40px; --title-font-weight: 500; --title-text-color: rgb(31, 34, 37); --icon-color: #2080f0;"`;

exports[`n-result should work with \`size\` prop 4`] = `"--bezier: cubic-bezier(.4, 0, .2, 1); --font-size: 16px; --icon-size: 125px; --line-height: 1.6; --text-color: rgb(51, 54, 57); --title-font-size: 48px; --title-font-weight: 500; --title-text-color: rgb(31, 34, 37); --icon-color: #2080f0;"`;
