// Jest Snapshot v1, https://goo.gl/fbAQLP

exports[`n-data-table should work with \`size\` prop 1`] = `"--font-size: 14px; --th-padding: 8px; --td-padding: 8px; --bezier: cubic-bezier(.4, 0, .2, 1); --border-radius: 3px; --line-height: 1.6; --border-color: rgba(239, 239, 245, 1); --border-color-modal: rgba(239, 239, 245, 1); --border-color-popover: rgba(239, 239, 245, 1); --th-color: rgba(250, 250, 252, 1); --th-color-hover: rgba(243, 243, 247, 1); --th-color-modal: rgba(250, 250, 252, 1); --th-color-hover-modal: rgba(243, 243, 247, 1); --th-color-popover: rgba(250, 250, 252, 1); --th-color-hover-popover: rgba(243, 243, 247, 1); --td-color: #fff; --td-color-hover: rgba(247, 247, 250, 1); --td-color-modal: #fff; --td-color-hover-modal: rgba(247, 247, 250, 1); --td-color-popover: #fff; --td-color-hover-popover: rgba(247, 247, 250, 1); --th-text-color: rgb(31, 34, 37); --td-text-color: rgb(51, 54, 57); --th-font-weight: 500; --th-button-color-hover: rgba(0, 0, 100, 0.03); --th-icon-color: rgba(194, 194, 194, 1); --th-icon-color-active: #18a058; --filter-size: 15px; --pagination-margin: 12px 0 0 0; --empty-padding: 16px 0; --box-shadow-before: inset -12px 0 8px -12px rgba(0, 0, 0, .18); --box-shadow-after: inset 12px 0 8px -12px rgba(0, 0, 0, .18); --sorter-size: 15px; --loading-size: 28px; --loading-color: #18a058; --opacity-loading: 0.5; --td-color-striped: rgba(250, 250, 252, 1); --td-color-striped-modal: rgba(250, 250, 252, 1); --td-color-striped-popover: rgba(250, 250, 252, 1);"`;

exports[`n-data-table should work with \`size\` prop 2`] = `"--font-size: 14px; --th-padding: 12px; --td-padding: 12px; --bezier: cubic-bezier(.4, 0, .2, 1); --border-radius: 3px; --line-height: 1.6; --border-color: rgba(239, 239, 245, 1); --border-color-modal: rgba(239, 239, 245, 1); --border-color-popover: rgba(239, 239, 245, 1); --th-color: rgba(250, 250, 252, 1); --th-color-hover: rgba(243, 243, 247, 1); --th-color-modal: rgba(250, 250, 252, 1); --th-color-hover-modal: rgba(243, 243, 247, 1); --th-color-popover: rgba(250, 250, 252, 1); --th-color-hover-popover: rgba(243, 243, 247, 1); --td-color: #fff; --td-color-hover: rgba(247, 247, 250, 1); --td-color-modal: #fff; --td-color-hover-modal: rgba(247, 247, 250, 1); --td-color-popover: #fff; --td-color-hover-popover: rgba(247, 247, 250, 1); --th-text-color: rgb(31, 34, 37); --td-text-color: rgb(51, 54, 57); --th-font-weight: 500; --th-button-color-hover: rgba(0, 0, 100, 0.03); --th-icon-color: rgba(194, 194, 194, 1); --th-icon-color-active: #18a058; --filter-size: 15px; --pagination-margin: 12px 0 0 0; --empty-padding: 16px 0; --box-shadow-before: inset -12px 0 8px -12px rgba(0, 0, 0, .18); --box-shadow-after: inset 12px 0 8px -12px rgba(0, 0, 0, .18); --sorter-size: 15px; --loading-size: 28px; --loading-color: #18a058; --opacity-loading: 0.5; --td-color-striped: rgba(250, 250, 252, 1); --td-color-striped-modal: rgba(250, 250, 252, 1); --td-color-striped-popover: rgba(250, 250, 252, 1);"`;

exports[`n-data-table should work with \`size\` prop 3`] = `"--font-size: 15px; --th-padding: 12px; --td-padding: 12px; --bezier: cubic-bezier(.4, 0, .2, 1); --border-radius: 3px; --line-height: 1.6; --border-color: rgba(239, 239, 245, 1); --border-color-modal: rgba(239, 239, 245, 1); --border-color-popover: rgba(239, 239, 245, 1); --th-color: rgba(250, 250, 252, 1); --th-color-hover: rgba(243, 243, 247, 1); --th-color-modal: rgba(250, 250, 252, 1); --th-color-hover-modal: rgba(243, 243, 247, 1); --th-color-popover: rgba(250, 250, 252, 1); --th-color-hover-popover: rgba(243, 243, 247, 1); --td-color: #fff; --td-color-hover: rgba(247, 247, 250, 1); --td-color-modal: #fff; --td-color-hover-modal: rgba(247, 247, 250, 1); --td-color-popover: #fff; --td-color-hover-popover: rgba(247, 247, 250, 1); --th-text-color: rgb(31, 34, 37); --td-text-color: rgb(51, 54, 57); --th-font-weight: 500; --th-button-color-hover: rgba(0, 0, 100, 0.03); --th-icon-color: rgba(194, 194, 194, 1); --th-icon-color-active: #18a058; --filter-size: 15px; --pagination-margin: 12px 0 0 0; --empty-padding: 16px 0; --box-shadow-before: inset -12px 0 8px -12px rgba(0, 0, 0, .18); --box-shadow-after: inset 12px 0 8px -12px rgba(0, 0, 0, .18); --sorter-size: 15px; --loading-size: 28px; --loading-color: #18a058; --opacity-loading: 0.5; --td-color-striped: rgba(250, 250, 252, 1); --td-color-striped-modal: rgba(250, 250, 252, 1); --td-color-striped-popover: rgba(250, 250, 252, 1);"`;
