// Jest Snapshot v1, https://goo.gl/fbAQLP

exports[`n-transfer should work with \`size\` prop 1`] = `"--bezier: cubic-bezier(.4, 0, .2, 1); --bezier-ease-in: cubic-bezier(.4, 0, 1, 1); --bezier-ease-out: cubic-bezier(0, 0, .2, 1); --border-color: rgb(224, 224, 230); --border-radius: 3px; --extra-font-size: 12px; --filter-divider-color: rgb(224, 224, 230); --font-size: 14px; --header-color: rgba(250, 250, 252, 1); --header-extra-text-color: rgb(51, 54, 57); --header-font-weight: 400; --header-text-color: rgb(31, 34, 37); --header-text-color-disabled: rgba(194, 194, 194, 1); --item-color-pending: rgb(243, 243, 245); --item-height: 28px; --item-text-color: rgb(51, 54, 57); --item-text-color-disabled: rgba(194, 194, 194, 1); --list-color: #fff; --width: 440px; --icon-color: rgba(194, 194, 194, 1); --icon-color-disabled: rgba(209, 209, 209, 1);"`;

exports[`n-transfer should work with \`size\` prop 2`] = `"--bezier: cubic-bezier(.4, 0, .2, 1); --bezier-ease-in: cubic-bezier(.4, 0, 1, 1); --bezier-ease-out: cubic-bezier(0, 0, .2, 1); --border-color: rgb(224, 224, 230); --border-radius: 3px; --extra-font-size: 12px; --filter-divider-color: rgb(224, 224, 230); --font-size: 14px; --header-color: rgba(250, 250, 252, 1); --header-extra-text-color: rgb(51, 54, 57); --header-font-weight: 400; --header-text-color: rgb(31, 34, 37); --header-text-color-disabled: rgba(194, 194, 194, 1); --item-color-pending: rgb(243, 243, 245); --item-height: 34px; --item-text-color: rgb(51, 54, 57); --item-text-color-disabled: rgba(194, 194, 194, 1); --list-color: #fff; --width: 440px; --icon-color: rgba(194, 194, 194, 1); --icon-color-disabled: rgba(209, 209, 209, 1);"`;

exports[`n-transfer should work with \`size\` prop 3`] = `"--bezier: cubic-bezier(.4, 0, .2, 1); --bezier-ease-in: cubic-bezier(.4, 0, 1, 1); --bezier-ease-out: cubic-bezier(0, 0, .2, 1); --border-color: rgb(224, 224, 230); --border-radius: 3px; --extra-font-size: 12px; --filter-divider-color: rgb(224, 224, 230); --font-size: 15px; --header-color: rgba(250, 250, 252, 1); --header-extra-text-color: rgb(51, 54, 57); --header-font-weight: 400; --header-text-color: rgb(31, 34, 37); --header-text-color-disabled: rgba(194, 194, 194, 1); --item-color-pending: rgb(243, 243, 245); --item-height: 40px; --item-text-color: rgb(51, 54, 57); --item-text-color-disabled: rgba(194, 194, 194, 1); --list-color: #fff; --width: 440px; --icon-color: rgba(194, 194, 194, 1); --icon-color-disabled: rgba(209, 209, 209, 1);"`;

