// Jest Snapshot v1, https://goo.gl/fbAQLP

exports[`n-checkbox should show correct style with \`NForm\` component 1`] = `"--size: 16px; --bezier: cubic-bezier(.4, 0, .2, 1); --border-radius: 2px; --border: 1px solid rgb(224, 224, 230); --border-checked: 1px solid #18a058; --border-focus: 1px solid #18a058; --border-disabled: 1px solid rgb(224, 224, 230); --border-disabled-checked: 1px solid rgb(224, 224, 230); --box-shadow-focus: 0 0 0 2px rgba(24, 160, 88, 0.3); --color: #FFF; --color-checked: #18a058; --color-table-header: #fff; --color-table-header-modal: #fff; --color-table-header-popover: #fff; --color-disabled: rgb(250, 250, 252); --color-disabled-checked: rgb(250, 250, 252); --text-color: rgb(51, 54, 57); --text-color-disabled: rgba(194, 194, 194, 1); --check-mark-color: #FFF; --check-mark-color-disabled: rgba(194, 194, 194, 1); --check-mark-color-disabled-checked: rgba(194, 194, 194, 1); --font-size: 14px; --label-padding: 0 8px;"`;

exports[`n-checkbox should work with \`size\` prop 1`] = `"--size: 14px; --bezier: cubic-bezier(.4, 0, .2, 1); --border-radius: 2px; --border: 1px solid rgb(224, 224, 230); --border-checked: 1px solid #18a058; --border-focus: 1px solid #18a058; --border-disabled: 1px solid rgb(224, 224, 230); --border-disabled-checked: 1px solid rgb(224, 224, 230); --box-shadow-focus: 0 0 0 2px rgba(24, 160, 88, 0.3); --color: #FFF; --color-checked: #18a058; --color-table-header: #fff; --color-table-header-modal: #fff; --color-table-header-popover: #fff; --color-disabled: rgb(250, 250, 252); --color-disabled-checked: rgb(250, 250, 252); --text-color: rgb(51, 54, 57); --text-color-disabled: rgba(194, 194, 194, 1); --check-mark-color: #FFF; --check-mark-color-disabled: rgba(194, 194, 194, 1); --check-mark-color-disabled-checked: rgba(194, 194, 194, 1); --font-size: 14px; --label-padding: 0 8px;"`;

exports[`n-checkbox should work with \`size\` prop 2`] = `"--size: 16px; --bezier: cubic-bezier(.4, 0, .2, 1); --border-radius: 2px; --border: 1px solid rgb(224, 224, 230); --border-checked: 1px solid #18a058; --border-focus: 1px solid #18a058; --border-disabled: 1px solid rgb(224, 224, 230); --border-disabled-checked: 1px solid rgb(224, 224, 230); --box-shadow-focus: 0 0 0 2px rgba(24, 160, 88, 0.3); --color: #FFF; --color-checked: #18a058; --color-table-header: #fff; --color-table-header-modal: #fff; --color-table-header-popover: #fff; --color-disabled: rgb(250, 250, 252); --color-disabled-checked: rgb(250, 250, 252); --text-color: rgb(51, 54, 57); --text-color-disabled: rgba(194, 194, 194, 1); --check-mark-color: #FFF; --check-mark-color-disabled: rgba(194, 194, 194, 1); --check-mark-color-disabled-checked: rgba(194, 194, 194, 1); --font-size: 14px; --label-padding: 0 8px;"`;

exports[`n-checkbox should work with \`size\` prop 3`] = `"--size: 18px; --bezier: cubic-bezier(.4, 0, .2, 1); --border-radius: 2px; --border: 1px solid rgb(224, 224, 230); --border-checked: 1px solid #18a058; --border-focus: 1px solid #18a058; --border-disabled: 1px solid rgb(224, 224, 230); --border-disabled-checked: 1px solid rgb(224, 224, 230); --box-shadow-focus: 0 0 0 2px rgba(24, 160, 88, 0.3); --color: #FFF; --color-checked: #18a058; --color-table-header: #fff; --color-table-header-modal: #fff; --color-table-header-popover: #fff; --color-disabled: rgb(250, 250, 252); --color-disabled-checked: rgb(250, 250, 252); --text-color: rgb(51, 54, 57); --text-color-disabled: rgba(194, 194, 194, 1); --check-mark-color: #FFF; --check-mark-color-disabled: rgba(194, 194, 194, 1); --check-mark-color-disabled-checked: rgba(194, 194, 194, 1); --font-size: 15px; --label-padding: 0 8px;"`;
