// Jest Snapshot v1, https://goo.gl/fbAQLP

exports[`n-radio should work with \`size\` prop 1`] = `"--bezier: cubic-bezier(.4, 0, .2, 1); --box-shadow: inset 0 0 0 1px rgb(224, 224, 230); --box-shadow-active: inset 0 0 0 1px #18a058; --box-shadow-disabled: inset 0 0 0 1px rgb(224, 224, 230); --box-shadow-focus: inset 0 0 0 1px #18a058, 0 0 0 2px rgba(24, 160, 88, 0.2); --box-shadow-hover: inset 0 0 0 1px #18a058; --color: #FFF; --color-disabled: rgb(250, 250, 252); --dot-color-active: #18a058; --dot-color-disabled: rgb(224, 224, 230); --font-size: 14px; --radio-size: 14px; --text-color: rgb(51, 54, 57); --text-color-disabled: rgba(194, 194, 194, 1); --label-padding: 0 8px;"`;

exports[`n-radio should work with \`size\` prop 2`] = `"--bezier: cubic-bezier(.4, 0, .2, 1); --box-shadow: inset 0 0 0 1px rgb(224, 224, 230); --box-shadow-active: inset 0 0 0 1px #18a058; --box-shadow-disabled: inset 0 0 0 1px rgb(224, 224, 230); --box-shadow-focus: inset 0 0 0 1px #18a058, 0 0 0 2px rgba(24, 160, 88, 0.2); --box-shadow-hover: inset 0 0 0 1px #18a058; --color: #FFF; --color-disabled: rgb(250, 250, 252); --dot-color-active: #18a058; --dot-color-disabled: rgb(224, 224, 230); --font-size: 14px; --radio-size: 16px; --text-color: rgb(51, 54, 57); --text-color-disabled: rgba(194, 194, 194, 1); --label-padding: 0 8px;"`;

exports[`n-radio should work with \`size\` prop 3`] = `"--bezier: cubic-bezier(.4, 0, .2, 1); --box-shadow: inset 0 0 0 1px rgb(224, 224, 230); --box-shadow-active: inset 0 0 0 1px #18a058; --box-shadow-disabled: inset 0 0 0 1px rgb(224, 224, 230); --box-shadow-focus: inset 0 0 0 1px #18a058, 0 0 0 2px rgba(24, 160, 88, 0.2); --box-shadow-hover: inset 0 0 0 1px #18a058; --color: #FFF; --color-disabled: rgb(250, 250, 252); --dot-color-active: #18a058; --dot-color-disabled: rgb(224, 224, 230); --font-size: 15px; --radio-size: 18px; --text-color: rgb(51, 54, 57); --text-color-disabled: rgba(194, 194, 194, 1); --label-padding: 0 8px;"`;

exports[`n-radio-group should work with \`size\` prop 1`] = `"--font-size: 14px; --bezier: cubic-bezier(.4, 0, .2, 1); --button-border-color: rgb(224, 224, 230); --button-border-color-active: #18a058; --button-border-radius: 3px; --button-box-shadow: inset 0 0 0 1px #0000; --button-box-shadow-focus: inset 0 0 0 1px #18a058, 0 0 0 2px rgba(24, 160, 88, 0.3); --button-box-shadow-hover: inset 0 0 0 1px #0000; --button-color-active: #FFF; --button-text-color: rgb(51, 54, 57); --button-text-color-hover: #18a058; --button-text-color-active: #18a058; --height: 28px; --opacity-disabled: 0.5;"`;

exports[`n-radio-group should work with \`size\` prop 2`] = `"--font-size: 14px; --bezier: cubic-bezier(.4, 0, .2, 1); --button-border-color: rgb(224, 224, 230); --button-border-color-active: #18a058; --button-border-radius: 3px; --button-box-shadow: inset 0 0 0 1px #0000; --button-box-shadow-focus: inset 0 0 0 1px #18a058, 0 0 0 2px rgba(24, 160, 88, 0.3); --button-box-shadow-hover: inset 0 0 0 1px #0000; --button-color-active: #FFF; --button-text-color: rgb(51, 54, 57); --button-text-color-hover: #18a058; --button-text-color-active: #18a058; --height: 34px; --opacity-disabled: 0.5;"`;

exports[`n-radio-group should work with \`size\` prop 3`] = `"--font-size: 15px; --bezier: cubic-bezier(.4, 0, .2, 1); --button-border-color: rgb(224, 224, 230); --button-border-color-active: #18a058; --button-border-radius: 3px; --button-box-shadow: inset 0 0 0 1px #0000; --button-box-shadow-focus: inset 0 0 0 1px #18a058, 0 0 0 2px rgba(24, 160, 88, 0.3); --button-box-shadow-hover: inset 0 0 0 1px #0000; --button-color-active: #FFF; --button-text-color: rgb(51, 54, 57); --button-text-color-hover: #18a058; --button-text-color-active: #18a058; --height: 40px; --opacity-disabled: 0.5;"`;
