// Jest Snapshot v1, https://goo.gl/fbAQLP

exports[`n-dynamic-tags should work with \`size\` prop 1`] = `"--avatar-size-override: calc(22px - 8px); --bezier: cubic-bezier(.4, 0, .2, 1); --border-radius: 2px; --border: 1px solid rgb(224, 224, 230); --close-color: rgba(122, 122, 122, 1); --close-color-hover: rgba(89, 89, 89, 1); --close-color-pressed: rgba(149, 149, 149, 1); --close-margin: 0 0 0 3px; --close-margin-rtl: 0 3px 0 0; --close-size: 14px; --color: rgb(250, 250, 252); --color-checkable: #0000; --color-checked: #18a058; --color-checked-hover: #36ad6a; --color-checked-pressed: #0c7a43; --color-hover-checkable: #0000; --color-pressed-checkable: #0000; --font-size: 12px; --height: 22px; --opacity-disabled: 0.5; --padding: 0 7px; --text-color: rgb(51, 54, 57); --text-color-checkable: rgb(51, 54, 57); --text-color-checked: #FFF; --text-color-hover-checkable: #36ad6a; --text-color-pressed-checkable: #0c7a43;"`;

exports[`n-dynamic-tags should work with \`size\` prop 2`] = `"--avatar-size-override: calc(28px - 8px); --bezier: cubic-bezier(.4, 0, .2, 1); --border-radius: 2px; --border: 1px solid rgb(224, 224, 230); --close-color: rgba(122, 122, 122, 1); --close-color-hover: rgba(89, 89, 89, 1); --close-color-pressed: rgba(149, 149, 149, 1); --close-margin: 0 0 0 3px; --close-margin-rtl: 0 3px 0 0; --close-size: 14px; --color: rgb(250, 250, 252); --color-checkable: #0000; --color-checked: #18a058; --color-checked-hover: #36ad6a; --color-checked-pressed: #0c7a43; --color-hover-checkable: #0000; --color-pressed-checkable: #0000; --font-size: 14px; --height: 28px; --opacity-disabled: 0.5; --padding: 0 7px; --text-color: rgb(51, 54, 57); --text-color-checkable: rgb(51, 54, 57); --text-color-checked: #FFF; --text-color-hover-checkable: #36ad6a; --text-color-pressed-checkable: #0c7a43;"`;

exports[`n-dynamic-tags should work with \`size\` prop 3`] = `"--avatar-size-override: calc(34px - 8px); --bezier: cubic-bezier(.4, 0, .2, 1); --border-radius: 2px; --border: 1px solid rgb(224, 224, 230); --close-color: rgba(122, 122, 122, 1); --close-color-hover: rgba(89, 89, 89, 1); --close-color-pressed: rgba(149, 149, 149, 1); --close-margin: 0 0 0 3px; --close-margin-rtl: 0 3px 0 0; --close-size: 14px; --color: rgb(250, 250, 252); --color-checkable: #0000; --color-checked: #18a058; --color-checked-hover: #36ad6a; --color-checked-pressed: #0c7a43; --color-hover-checkable: #0000; --color-pressed-checkable: #0000; --font-size: 14px; --height: 34px; --opacity-disabled: 0.5; --padding: 0 7px; --text-color: rgb(51, 54, 57); --text-color-checkable: rgb(51, 54, 57); --text-color-checked: #FFF; --text-color-hover-checkable: #36ad6a; --text-color-pressed-checkable: #0c7a43;"`;

exports[`n-dynamic-tags should work with \`type\` prop 1`] = `"--avatar-size-override: calc(22px - 8px); --bezier: cubic-bezier(.4, 0, .2, 1); --border-radius: 2px; --border: 1px solid rgb(224, 224, 230); --close-color: rgba(122, 122, 122, 1); --close-color-hover: rgba(89, 89, 89, 1); --close-color-pressed: rgba(149, 149, 149, 1); --close-margin: 0 0 0 3px; --close-margin-rtl: 0 3px 0 0; --close-size: 14px; --color: rgb(250, 250, 252); --color-checkable: #0000; --color-checked: #18a058; --color-checked-hover: #36ad6a; --color-checked-pressed: #0c7a43; --color-hover-checkable: #0000; --color-pressed-checkable: #0000; --font-size: 12px; --height: 22px; --opacity-disabled: 0.5; --padding: 0 7px; --text-color: rgb(51, 54, 57); --text-color-checkable: rgb(51, 54, 57); --text-color-checked: #FFF; --text-color-hover-checkable: #36ad6a; --text-color-pressed-checkable: #0c7a43;"`;

exports[`n-dynamic-tags should work with \`type\` prop 2`] = `"--avatar-size-override: calc(22px - 8px); --bezier: cubic-bezier(.4, 0, .2, 1); --border-radius: 2px; --border: 1px solid rgba(32, 128, 240, 0.3); --close-color: rgba(32, 128, 240, 0.75); --close-color-hover: rgba(32, 128, 240, 0.6); --close-color-pressed: rgba(32, 128, 240, 0.9); --close-margin: 0 0 0 3px; --close-margin-rtl: 0 3px 0 0; --close-size: 14px; --color: rgba(32, 128, 240, 0.1); --color-checkable: #0000; --color-checked: #18a058; --color-checked-hover: #36ad6a; --color-checked-pressed: #0c7a43; --color-hover-checkable: #0000; --color-pressed-checkable: #0000; --font-size: 12px; --height: 22px; --opacity-disabled: 0.5; --padding: 0 7px; --text-color: #2080f0; --text-color-checkable: rgb(51, 54, 57); --text-color-checked: #FFF; --text-color-hover-checkable: #36ad6a; --text-color-pressed-checkable: #0c7a43;"`;

exports[`n-dynamic-tags should work with \`type\` prop 3`] = `"--avatar-size-override: calc(22px - 8px); --bezier: cubic-bezier(.4, 0, .2, 1); --border-radius: 2px; --border: 1px solid rgba(24, 160, 88, 0.3); --close-color: rgba(24, 160, 88, 0.75); --close-color-hover: rgba(24, 160, 88, 0.6); --close-color-pressed: rgba(24, 160, 88, 0.9); --close-margin: 0 0 0 3px; --close-margin-rtl: 0 3px 0 0; --close-size: 14px; --color: rgba(24, 160, 88, 0.1); --color-checkable: #0000; --color-checked: #18a058; --color-checked-hover: #36ad6a; --color-checked-pressed: #0c7a43; --color-hover-checkable: #0000; --color-pressed-checkable: #0000; --font-size: 12px; --height: 22px; --opacity-disabled: 0.5; --padding: 0 7px; --text-color: #18a058; --text-color-checkable: rgb(51, 54, 57); --text-color-checked: #FFF; --text-color-hover-checkable: #36ad6a; --text-color-pressed-checkable: #0c7a43;"`;

exports[`n-dynamic-tags should work with \`type\` prop 4`] = `"--avatar-size-override: calc(22px - 8px); --bezier: cubic-bezier(.4, 0, .2, 1); --border-radius: 2px; --border: 1px solid rgba(240, 160, 32, 0.35); --close-color: rgba(240, 160, 32, 0.75); --close-color-hover: rgba(240, 160, 32, 0.6); --close-color-pressed: rgba(240, 160, 32, 0.9); --close-margin: 0 0 0 3px; --close-margin-rtl: 0 3px 0 0; --close-size: 14px; --color: rgba(240, 160, 32, 0.12); --color-checkable: #0000; --color-checked: #18a058; --color-checked-hover: #36ad6a; --color-checked-pressed: #0c7a43; --color-hover-checkable: #0000; --color-pressed-checkable: #0000; --font-size: 12px; --height: 22px; --opacity-disabled: 0.5; --padding: 0 7px; --text-color: #f0a020; --text-color-checkable: rgb(51, 54, 57); --text-color-checked: #FFF; --text-color-hover-checkable: #36ad6a; --text-color-pressed-checkable: #0c7a43;"`;

exports[`n-dynamic-tags should work with \`type\` prop 5`] = `"--avatar-size-override: calc(22px - 8px); --bezier: cubic-bezier(.4, 0, .2, 1); --border-radius: 2px; --border: 1px solid rgba(208, 48, 80, 0.23); --close-color: rgba(208, 48, 80, 0.65); --close-color-hover: rgba(208, 48, 80, 0.5); --close-color-pressed: rgba(208, 48, 80, 0.8); --close-margin: 0 0 0 3px; --close-margin-rtl: 0 3px 0 0; --close-size: 14px; --color: rgba(208, 48, 80, 0.08); --color-checkable: #0000; --color-checked: #18a058; --color-checked-hover: #36ad6a; --color-checked-pressed: #0c7a43; --color-hover-checkable: #0000; --color-pressed-checkable: #0000; --font-size: 12px; --height: 22px; --opacity-disabled: 0.5; --padding: 0 7px; --text-color: #d03050; --text-color-checkable: rgb(51, 54, 57); --text-color-checked: #FFF; --text-color-hover-checkable: #36ad6a; --text-color-pressed-checkable: #0c7a43;"`;
