// Jest Snapshot v1, https://goo.gl/fbAQLP

exports[`n-blockquote should work with normal 1`] = `"--bezier: cubic-bezier(.4, 0, .2, 1); --font-size: 14px; --line-height: 1.6; --prefix-color: rgb(224, 224, 230); --text-color: rgb(51, 54, 57);"`;

exports[`n-h1 n-h2 n-h3 n-h4 n-h5 n-h6 should work with normal 1`] = `"--bezier: cubic-bezier(.4, 0, .2, 1); --font-size: 30px; --margin: 28px 0 20px 0; --bar-color: #18a058; --bar-width: 4px; --font-weight: 500; --text-color: rgb(31, 34, 37); --prefix-width: 16px;"`;

exports[`n-h1 n-h2 n-h3 n-h4 n-h5 n-h6 should work with normal 2`] = `"--bezier: cubic-bezier(.4, 0, .2, 1); --font-size: 22px; --margin: 28px 0 20px 0; --bar-color: #18a058; --bar-width: 4px; --font-weight: 500; --text-color: rgb(31, 34, 37); --prefix-width: 16px;"`;

exports[`n-h1 n-h2 n-h3 n-h4 n-h5 n-h6 should work with normal 3`] = `"--bezier: cubic-bezier(.4, 0, .2, 1); --font-size: 18px; --margin: 28px 0 20px 0; --bar-color: #18a058; --bar-width: 3px; --font-weight: 500; --text-color: rgb(31, 34, 37); --prefix-width: 12px;"`;

exports[`n-h1 n-h2 n-h3 n-h4 n-h5 n-h6 should work with normal 4`] = `"--bezier: cubic-bezier(.4, 0, .2, 1); --font-size: 16px; --margin: 28px 0 18px 0; --bar-color: #2080f0; --bar-width: 3px; --font-weight: 500; --text-color: rgb(31, 34, 37); --prefix-width: 12px;"`;

exports[`n-h1 n-h2 n-h3 n-h4 n-h5 n-h6 should work with normal 5`] = `"--bezier: cubic-bezier(.4, 0, .2, 1); --font-size: 16px; --margin: 28px 0 18px 0; --bar-color: #f0a020; --bar-width: 3px; --font-weight: 500; --text-color: rgb(31, 34, 37); --prefix-width: 12px;"`;

exports[`n-h1 n-h2 n-h3 n-h4 n-h5 n-h6 should work with normal 6`] = `"--bezier: cubic-bezier(.4, 0, .2, 1); --font-size: 16px; --margin: 28px 0 18px 0; --bar-color: #d03050; --bar-width: 3px; --font-weight: 500; --text-color: rgb(31, 34, 37); --prefix-width: 12px;"`;

exports[`n-p should work with \`depth\` prop 1`] = `"--bezier: cubic-bezier(.4, 0, .2, 1); --font-size: 14px; --line-height: 1.6; --margin: 16px 0 16px 0; --text-color: rgb(31, 34, 37);"`;

exports[`n-p should work with \`depth\` prop 2`] = `"--bezier: cubic-bezier(.4, 0, .2, 1); --font-size: 14px; --line-height: 1.6; --margin: 16px 0 16px 0; --text-color: rgb(51, 54, 57);"`;

exports[`n-p should work with \`depth\` prop 3`] = `"--bezier: cubic-bezier(.4, 0, .2, 1); --font-size: 14px; --line-height: 1.6; --margin: 16px 0 16px 0; --text-color: rgb(118, 124, 130);"`;

exports[`n-text should work with \`depth\` prop 1`] = `"--text-color: rgb(51, 54, 57); --font-weight-strong: 500; --font-famliy-mono: v-mono, SFMono-Regular, Menlo, Consolas, Courier, monospace; --code-border-radius: 2px; --code-text-color: rgb(51, 54, 57); --code-color: rgb(244, 244, 248); --code-border: 1px solid #0000;"`;

exports[`n-text should work with \`depth\` prop 2`] = `"--text-color: rgb(31, 34, 37); --font-weight-strong: 500; --font-famliy-mono: v-mono, SFMono-Regular, Menlo, Consolas, Courier, monospace; --code-border-radius: 2px; --code-text-color: rgb(51, 54, 57); --code-color: rgb(244, 244, 248); --code-border: 1px solid #0000;"`;

exports[`n-text should work with \`depth\` prop 3`] = `"--text-color: rgb(51, 54, 57); --font-weight-strong: 500; --font-famliy-mono: v-mono, SFMono-Regular, Menlo, Consolas, Courier, monospace; --code-border-radius: 2px; --code-text-color: rgb(51, 54, 57); --code-color: rgb(244, 244, 248); --code-border: 1px solid #0000;"`;

exports[`n-text should work with \`depth\` prop 4`] = `"--text-color: rgb(118, 124, 130); --font-weight-strong: 500; --font-famliy-mono: v-mono, SFMono-Regular, Menlo, Consolas, Courier, monospace; --code-border-radius: 2px; --code-text-color: rgb(51, 54, 57); --code-color: rgb(244, 244, 248); --code-border: 1px solid #0000;"`;

exports[`n-text should work with \`type\` prop 1`] = `"--text-color: rgb(51, 54, 57); --font-weight-strong: 500; --font-famliy-mono: v-mono, SFMono-Regular, Menlo, Consolas, Courier, monospace; --code-border-radius: 2px; --code-text-color: rgb(51, 54, 57); --code-color: rgb(244, 244, 248); --code-border: 1px solid #0000;"`;

exports[`n-text should work with \`type\` prop 2`] = `"--text-color: #2080f0; --font-weight-strong: 500; --font-famliy-mono: v-mono, SFMono-Regular, Menlo, Consolas, Courier, monospace; --code-border-radius: 2px; --code-text-color: rgb(51, 54, 57); --code-color: rgb(244, 244, 248); --code-border: 1px solid #0000;"`;

exports[`n-text should work with \`type\` prop 3`] = `"--text-color: #18a058; --font-weight-strong: 500; --font-famliy-mono: v-mono, SFMono-Regular, Menlo, Consolas, Courier, monospace; --code-border-radius: 2px; --code-text-color: rgb(51, 54, 57); --code-color: rgb(244, 244, 248); --code-border: 1px solid #0000;"`;

exports[`n-text should work with \`type\` prop 4`] = `"--text-color: #f0a020; --font-weight-strong: 500; --font-famliy-mono: v-mono, SFMono-Regular, Menlo, Consolas, Courier, monospace; --code-border-radius: 2px; --code-text-color: rgb(51, 54, 57); --code-color: rgb(244, 244, 248); --code-border: 1px solid #0000;"`;

exports[`n-text should work with \`type\` prop 5`] = `"--text-color: #d03050; --font-weight-strong: 500; --font-famliy-mono: v-mono, SFMono-Regular, Menlo, Consolas, Courier, monospace; --code-border-radius: 2px; --code-text-color: rgb(51, 54, 57); --code-color: rgb(244, 244, 248); --code-border: 1px solid #0000;"`;

exports[`n-ul n-ol n-li should work with normal 1`] = `"--bezier: cubic-bezier(.4, 0, .2, 1); --font-size: 14px; --line-height: 1.6; --text-color: rgb(51, 54, 57); --li-margin: .25em 0 0 0; --ol-padding: 0 0 0 2em; --ul-padding: 0 0 0 2em;"`;

exports[`n-ul n-ol n-li should work with normal 2`] = `"--bezier: cubic-bezier(.4, 0, .2, 1); --font-size: 14px; --line-height: 1.6; --text-color: rgb(51, 54, 57); --li-margin: .25em 0 0 0; --ol-padding: 0 0 0 2em; --ul-padding: 0 0 0 2em;"`;
