// Jest Snapshot v1, https://goo.gl/fbAQLP

exports[`n-button should work with \`size\` prop 1`] = `"--bezier: cubic-bezier(.4, 0, .2, 1); --bezier-ease-out: cubic-bezier(0, 0, .2, 1); --ripple-duration: .6s; --opacity-disabled: 0.5; --wave-opacity: 0.6; font-weight: 400; --color: #0000; --color-hover: #0000; --color-pressed: #0000; --color-focus: #0000; --color-disabled: #0000; --ripple-color: #18a058; --text-color: rgb(51, 54, 57); --text-color-hover: #36ad6a; --text-color-pressed: #0c7a43; --text-color-focus: #36ad6a; --text-color-disabled: rgb(51, 54, 57); --border: 1px solid rgb(224, 224, 230); --border-hover: 1px solid #36ad6a; --border-pressed: 1px solid #0c7a43; --border-focus: 1px solid #36ad6a; --border-disabled: 1px solid rgb(224, 224, 230); --width: initial; --height: 22px; --font-size: 12px; --padding: 0 6px; --icon-size: 14px; --icon-margin: 6px; --border-radius: 3px;"`;

exports[`n-button should work with \`size\` prop 2`] = `"--bezier: cubic-bezier(.4, 0, .2, 1); --bezier-ease-out: cubic-bezier(0, 0, .2, 1); --ripple-duration: .6s; --opacity-disabled: 0.5; --wave-opacity: 0.6; font-weight: 400; --color: #0000; --color-hover: #0000; --color-pressed: #0000; --color-focus: #0000; --color-disabled: #0000; --ripple-color: #18a058; --text-color: rgb(51, 54, 57); --text-color-hover: #36ad6a; --text-color-pressed: #0c7a43; --text-color-focus: #36ad6a; --text-color-disabled: rgb(51, 54, 57); --border: 1px solid rgb(224, 224, 230); --border-hover: 1px solid #36ad6a; --border-pressed: 1px solid #0c7a43; --border-focus: 1px solid #36ad6a; --border-disabled: 1px solid rgb(224, 224, 230); --width: initial; --height: 28px; --font-size: 14px; --padding: 0 10px; --icon-size: 18px; --icon-margin: 6px; --border-radius: 3px;"`;

exports[`n-button should work with \`size\` prop 3`] = `"--bezier: cubic-bezier(.4, 0, .2, 1); --bezier-ease-out: cubic-bezier(0, 0, .2, 1); --ripple-duration: .6s; --opacity-disabled: 0.5; --wave-opacity: 0.6; font-weight: 400; --color: #0000; --color-hover: #0000; --color-pressed: #0000; --color-focus: #0000; --color-disabled: #0000; --ripple-color: #18a058; --text-color: rgb(51, 54, 57); --text-color-hover: #36ad6a; --text-color-pressed: #0c7a43; --text-color-focus: #36ad6a; --text-color-disabled: rgb(51, 54, 57); --border: 1px solid rgb(224, 224, 230); --border-hover: 1px solid #36ad6a; --border-pressed: 1px solid #0c7a43; --border-focus: 1px solid #36ad6a; --border-disabled: 1px solid rgb(224, 224, 230); --width: initial; --height: 34px; --font-size: 14px; --padding: 0 14px; --icon-size: 18px; --icon-margin: 6px; --border-radius: 3px;"`;

exports[`n-button should work with \`size\` prop 4`] = `"--bezier: cubic-bezier(.4, 0, .2, 1); --bezier-ease-out: cubic-bezier(0, 0, .2, 1); --ripple-duration: .6s; --opacity-disabled: 0.5; --wave-opacity: 0.6; font-weight: 400; --color: #0000; --color-hover: #0000; --color-pressed: #0000; --color-focus: #0000; --color-disabled: #0000; --ripple-color: #18a058; --text-color: rgb(51, 54, 57); --text-color-hover: #36ad6a; --text-color-pressed: #0c7a43; --text-color-focus: #36ad6a; --text-color-disabled: rgb(51, 54, 57); --border: 1px solid rgb(224, 224, 230); --border-hover: 1px solid #36ad6a; --border-pressed: 1px solid #0c7a43; --border-focus: 1px solid #36ad6a; --border-disabled: 1px solid rgb(224, 224, 230); --width: initial; --height: 40px; --font-size: 15px; --padding: 0 18px; --icon-size: 20px; --icon-margin: 6px; --border-radius: 3px;"`;

exports[`n-button should work with \`tag\` prop 1`] = `"--bezier: cubic-bezier(.4, 0, .2, 1); --bezier-ease-out: cubic-bezier(0, 0, .2, 1); --ripple-duration: .6s; --opacity-disabled: 0.5; --wave-opacity: 0.6; font-weight: 400; --color: #0000; --color-hover: #0000; --color-pressed: #0000; --color-focus: #0000; --color-disabled: #0000; --ripple-color: #0000; --text-color: #18a058; --text-color-hover: #36ad6a; --text-color-pressed: #0c7a43; --text-color-focus: #36ad6a; --text-color-disabled: rgb(51, 54, 57); --border: none; --border-hover: none; --border-pressed: none; --border-focus: none; --border-disabled: none; --width: initial; --height: initial; --font-size: 14px; --padding: initial; --icon-size: 18px; --icon-margin: 6px; --border-radius: initial;"`;

exports[`n-button should work with \`text\` prop 1`] = `"--bezier: cubic-bezier(.4, 0, .2, 1); --bezier-ease-out: cubic-bezier(0, 0, .2, 1); --ripple-duration: .6s; --opacity-disabled: 0.5; --wave-opacity: 0.6; font-weight: 400; --color: #0000; --color-hover: #0000; --color-pressed: #0000; --color-focus: #0000; --color-disabled: #0000; --ripple-color: #0000; --text-color: rgb(51, 54, 57); --text-color-hover: #36ad6a; --text-color-pressed: #0c7a43; --text-color-focus: #36ad6a; --text-color-disabled: rgb(51, 54, 57); --border: none; --border-hover: none; --border-pressed: none; --border-focus: none; --border-disabled: none; --width: initial; --height: initial; --font-size: 14px; --padding: initial; --icon-size: 18px; --icon-margin: 6px; --border-radius: initial;"`;
